14:47:57: Creating resource group General
14:47:57: Creating resource group OgreInternal
14:47:57: Creating resource group OgreAutodetect
14:47:57: SceneManagerFactory for type 'DefaultSceneManager' registered.
14:47:57: Registering ResourceManager for type Material
14:47:57: Registering ResourceManager for type Mesh
14:47:57: Registering ResourceManager for type Skeleton
14:47:57: MovableObjectFactory for type 'ParticleSystem' registered.
14:47:57: ArchiveFactory for type 'FileSystem' registered
14:47:57: ArchiveFactory for type 'Zip' registered
14:47:57: ArchiveFactory for type 'EmbeddedZip' registered
14:47:57: DDS codec registering
14:47:57: ETC codec registering
14:47:57: ASTC codec registering
14:47:57: Registering ResourceManager for type GpuProgram
14:47:57: Registering ResourceManager for type Compositor
14:47:57: MovableObjectFactory for type 'Entity' registered.
14:47:57: MovableObjectFactory for type 'Light' registered.
14:47:57: MovableObjectFactory for type 'BillboardSet' registered.
14:47:57: MovableObjectFactory for type 'ManualObject' registered.
14:47:57: MovableObjectFactory for type 'BillboardChain' registered.
14:47:57: MovableObjectFactory for type 'RibbonTrail' registered.
14:47:57: MovableObjectFactory for type 'StaticGeometry' registered.
14:47:57: MovableObjectFactory for type 'Rectangle2D' registered.
14:47:57: *-*-* OGRE Initialising
14:47:57: *-*-* Version 14.6.0 (Tsathoggua)
14:47:57: stb_image - v2.30 - public domain image loader
14:47:57: Supported formats: jpeg,jpg,png,bmp,psd,tga,gif,pic,ppm,pgm,hdr
14:47:57: Installing plugin: GL RenderSystem
14:47:57: OpenGL Rendering Subsystem created.
14:47:58: Plugin successfully installed
14:47:58: Installing plugin: GL 3+ RenderSystem
14:47:58: OpenGL 3+ Rendering Subsystem created.
14:47:58: Plugin successfully installed
14:47:58: Installing plugin: OpenGL ES 2.0 RenderSystem
14:47:58: OpenGL ES 2.x Rendering Subsystem created.
14:47:58: Plugin successfully installed
14:47:58: Installing plugin: Octree Scene Manager
14:47:58: Plugin successfully installed
14:47:58: Installing plugin: ParticleFX
14:47:58: Particle Emitter Type 'Point' registered
14:47:58: Particle Emitter Type 'Box' registered
14:47:58: Particle Emitter Type 'Ellipsoid' registered
14:47:58: Particle Emitter Type 'Cylinder' registered
14:47:58: Particle Emitter Type 'Ring' registered
14:47:58: Particle Emitter Type 'HollowEllipsoid' registered
14:47:58: Particle Affector Type 'LinearForce' registered
14:47:58: Particle Affector Type 'ColourFader' registered
14:47:58: Particle Affector Type 'ColourFader2' registered
14:47:58: Particle Affector Type 'ColourImage' registered
14:47:58: Particle Affector Type 'ColourInterpolator' registered
14:47:59: Particle Affector Type 'Scaler' registered
14:47:59: Particle Affector Type 'Rotator' registered
14:47:59: Particle Affector Type 'DirectionRandomiser' registered
14:47:59: Particle Affector Type 'DeflectorPlane' registered
14:47:59: Particle Affector Type 'TextureAnimator' registered
14:47:59: Plugin successfully installed
14:47:59: Installing plugin: BSP Scene Manager
14:47:59: Plugin successfully installed
14:47:59: CPU Identifier & Features
14:47:59: -------------------------
14:47:59:  *   CPU ID: GenuineIntel: Intel(R) Core(TM) i5-4590 CPU @ 3.30GHz
14:47:59:  *          SSE: yes
14:47:59:  *         SSE2: yes
14:47:59:  *         SSE3: yes
14:47:59:  *        SSE41: yes
14:47:59:  *        SSE42: yes
14:47:59:  *          MMX: yes
14:47:59:  *       MMXEXT: yes
14:47:59:  *        3DNOW: no
14:47:59:  *     3DNOWEXT: no
14:47:59:  *         CMOV: yes
14:47:59:  *          TSC: yes
14:47:59:  *INVARIANT TSC: yes
14:47:59:  *          FPU: yes
14:47:59:  *          PRO: yes
14:47:59:  *           HT: no
14:47:59: -------------------------
14:47:59: *** Starting Win32GL Subsystem ***
14:47:59: Registering ResourceManager for type Texture
14:47:59: RenderSystem::_createRenderWindow "Reaktory", 1024x768 windowed  miscParams: title=Reaktory 
14:47:59: Created Win32Window 'Reaktory' : 1040x807, 32bpp
14:47:59: Win32GLSupport: colourBufferSize=8/8/8/8 gamma=0 FSAA=0
14:47:59: Supported WGL extensions: WGL_ARB_buffer_region WGL_ARB_create_context WGL_ARB_create_context_profile WGL_ARB_create_context_robustness WGL_ARB_extensions_string WGL_ARB_framebuffer_sRGB WGL_ARB_make_current_read WGL_ARB_multisample WGL_ARB_pbuffer WGL_ARB_pixel_format WGL_ARB_pixel_format_float WGL_EXT_create_context_es2_profile WGL_EXT_create_context_es_profile WGL_EXT_depth_float WGL_EXT_extensions_string WGL_EXT_pixel_format_packed_float WGL_EXT_swap_control WGL_EXT_swap_control_tear WGL_INTEL_cl_sharing WGL_NV_DX_interop WGL_NV_DX_interop2
14:47:59: GL_VERSION = 4.3.0.0
14:47:59: GL_VENDOR = Intel
14:47:59: GL_RENDERER = Intel(R) HD Graphics 4600
14:47:59: GL_EXTENSIONS = GL_EXT_blend_minmax GL_EXT_blend_subtract GL_EXT_blend_color GL_EXT_abgr GL_EXT_texture3D GL_EXT_clip_volume_hint GL_EXT_compiled_vertex_array GL_SGIS_texture_edge_clamp GL_SGIS_generate_mipmap GL_EXT_draw_range_elements GL_SGIS_texture_lod GL_EXT_rescale_normal GL_EXT_packed_pixels GL_EXT_texture_edge_clamp GL_EXT_separate_specular_color GL_ARB_multitexture GL_ARB_map_buffer_alignment GL_ARB_conservative_depth GL_EXT_texture_env_combine GL_EXT_bgra GL_EXT_blend_func_separate GL_EXT_secondary_color GL_EXT_fog_coord GL_EXT_texture_env_add GL_ARB_texture_cube_map GL_ARB_transpose_matrix GL_ARB_internalformat_query GL_ARB_internalformat_query2 GL_ARB_texture_env_add GL_IBM_texture_mirrored_repeat GL_ARB_texture_mirrored_repeat GL_EXT_multi_draw_arrays GL_SUN_multi_draw_arrays GL_NV_blend_square GL_ARB_texture_compression GL_3DFX_texture_compression_FXT1 GL_EXT_texture_filter_anisotropic GL_ARB_texture_border_clamp GL_ARB_point_parameters GL_ARB_texture_env_combine GL_ARB_texture_env_dot3 GL_ARB_texture_env_crossbar GL_EXT_texture_compression_s3tc GL_ARB_shadow GL_ARB_window_pos GL_EXT_shadow_funcs GL_EXT_stencil_wrap GL_ARB_vertex_program GL_EXT_texture_rectangle GL_ARB_fragment_program GL_EXT_stencil_two_side GL_ATI_separate_stencil GL_ARB_vertex_buffer_object GL_EXT_texture_lod_bias GL_ARB_occlusion_query GL_ARB_fragment_shader GL_ARB_shader_objects GL_ARB_shading_language_100 GL_ARB_texture_non_power_of_two GL_ARB_vertex_shader GL_NV_texgen_reflection GL_ARB_point_sprite GL_ARB_fragment_program_shadow GL_EXT_blend_equation_separate GL_ARB_depth_texture GL_ARB_texture_rectangle GL_ARB_draw_buffers GL_ARB_color_buffer_float GL_ARB_half_float_pixel GL_ARB_texture_float GL_ARB_pixel_buffer_object GL_ARB_texture_barrier GL_EXT_framebuffer_object GL_ARB_draw_instanced GL_ARB_half_float_vertex GL_ARB_occlusion_query2 GL_EXT_draw_buffers2 GL_WIN_swap_hint GL_EXT_texture_sRGB GL_ARB_multisample GL_EXT_packed_float GL_EXT_texture_shared_exponent GL_ARB_texture_rg GL_ARB_texture_compression_rgtc GL_NV_conditional_render GL_ARB_texture_swizzle GL_EXT_texture_swizzle GL_ARB_texture_gather GL_ARB_sync GL_ARB_cl_event GL_ARB_framebuffer_sRGB GL_EXT_packed_depth_stencil GL_ARB_depth_buffer_float GL_EXT_transform_feedback GL_ARB_transform_feedback2 GL_ARB_draw_indirect GL_EXT_framebuffer_blit GL_EXT_framebuffer_multisample GL_ARB_framebuffer_object GL_ARB_framebuffer_no_attachments GL_EXT_texture_array GL_EXT_texture_integer GL_ARB_map_buffer_range GL_ARB_texture_buffer_range GL_EXT_texture_snorm GL_ARB_blend_func_extended GL_INTEL_performance_query GL_ARB_copy_buffer GL_ARB_sampler_objects GL_NV_primitive_restart GL_ARB_seamless_cube_map GL_ARB_seamless_cubemap_per_texture GL_ARB_uniform_buffer_object GL_ARB_depth_clamp GL_ARB_vertex_array_bgra GL_ARB_shader_bit_encoding GL_ARB_draw_buffers_blend GL_ARB_geometry_shader4 GL_EXT_geometry_shader4 GL_ARB_texture_query_lod GL_ARB_explicit_attrib_location GL_ARB_draw_elements_base_vertex GL_EXT_shader_integer_mix GL_ARB_instanced_arrays GL_ARB_base_instance GL_ARB_fragment_coord_conventions GL_EXT_gpu_program_parameters GL_ARB_texture_buffer_object_rgb32 GL_ARB_compatibility GL_ARB_texture_rgb10_a2ui GL_ARB_texture_multisample GL_ARB_vertex_type_2_10_10_10_rev GL_ARB_vertex_type_10f_11f_11f_rev GL_ARB_timer_query GL_EXT_timer_query GL_ARB_tessellation_shader GL_ARB_vertex_array_object GL_ARB_provoking_vertex GL_ARB_sample_shading GL_ARB_texture_cube_map_array GL_EXT_gpu_shader4 GL_ARB_gpu_shader5 GL_ARB_gpu_shader_fp64 GL_INTEL_fragment_shader_ordering GL_ARB_fragment_shader_interlock GL_ARB_clip_control GL_ARB_shader_subroutine GL_ARB_transform_feedback3 GL_ARB_get_program_binary GL_ARB_separate_shader_objects GL_ARB_shader_precision GL_ARB_vertex_attrib_64bit GL_ARB_viewport_array GL_ARB_transform_feedback_instanced GL_ARB_compressed_texture_pixel_storage GL_ARB_shader_atomic_counters GL_ARB_shading_language_packing GL_ARB_shader_image_load_store GL_ARB_shading_language_420pack GL_ARB_texture_storage GL_EXT_texture_storage GL_ARB_compute_shader GL_ARB_vertex_attrib_binding GL_ARB_texture_view GL_ARB_fragment_layer_viewport GL_ARB_multi_draw_indirect GL_ARB_program_interface_query GL_ARB_shader_image_size GL_ARB_shader_storage_buffer_object GL_ARB_texture_storage_multisample GL_ARB_buffer_storage GL_AMD_vertex_shader_layer GL_AMD_vertex_shader_viewport_index GL_ARB_query_buffer_object GL_EXT_polygon_offset_clamp GL_ARB_clear_texture GL_ARB_texture_mirror_clamp_to_edge GL_ARB_debug_output GL_ARB_enhanced_layouts GL_KHR_debug GL_ARB_arrays_of_arrays GL_ARB_texture_query_levels GL_ARB_invalidate_subdata GL_ARB_clear_buffer_object GL_INTEL_map_texture GL_ARB_texture_compression_bptc GL_ARB_ES2_compatibility GL_ARB_ES3_compatibility GL_ARB_robustness GL_ARB_robust_buffer_access_behavior GL_EXT_texture_sRGB_decode GL_ARB_copy_image GL_KHR_blend_equation_advanced GL_EXT_direct_state_access GL_ARB_stencil_texturing GL_ARB_texture_stencil8 GL_ARB_explicit_uniform_location GL_ARB_multi_bind GL_ARB_indirect_parameters 
14:47:59: ***************************
14:47:59: *** GL Renderer Started ***
14:47:59: ***************************
14:47:59: GLSL support detected
14:47:59: GL: Using GL_EXT_framebuffer_object for rendering to textures (best)
14:47:59: FBO PF_UNKNOWN depth/stencil support: D0S1 D0S4 D0S8 D0S16 D16S0 D16S1 D16S4 D16S8 D16S16 D24S0 D24S1 D24S4 D24S8 D24S16 D32S0 D32S1 D32S4 D32S8 D32S16 Packed-D24S8
14:47:59: FBO PF_A8 depth/stencil support: D0S0 D0S1 D0S4 D0S8 D0S16 D16S0 D16S1 D16S4 D16S8 D16S16 D24S0 D24S1 D24S4 D24S8 D24S16 D32S0 D32S1 D32S4 D32S8 D32S16 Packed-D24S8
14:47:59: FBO PF_R5G6B5 depth/stencil support: D0S0 D0S1 D0S4 D0S8 D0S16 D16S0 D16S1 D16S4 D16S8 D16S16 D24S0 D24S1 D24S4 D24S8 D24S16 D32S0 D32S1 D32S4 D32S8 D32S16 Packed-D24S8
14:47:59: FBO PF_A4R4G4B4 depth/stencil support: D0S0 D0S1 D0S4 D0S8 D0S16 D16S0 D16S1 D16S4 D16S8 D16S16 D24S0 D24S1 D24S4 D24S8 D24S16 D32S0 D32S1 D32S4 D32S8 D32S16 Packed-D24S8
14:47:59: FBO PF_A1R5G5B5 depth/stencil support: D0S0 D0S1 D0S4 D0S8 D0S16 D16S0 D16S1 D16S4 D16S8 D16S16 D24S0 D24S1 D24S4 D24S8 D24S16 D32S0 D32S1 D32S4 D32S8 D32S16 Packed-D24S8
14:47:59: FBO PF_R8G8B8 depth/stencil support: D0S0 D0S1 D0S4 D0S8 D0S16 D16S0 D16S1 D16S4 D16S8 D16S16 D24S0 D24S1 D24S4 D24S8 D24S16 D32S0 D32S1 D32S4 D32S8 D32S16 Packed-D24S8
14:47:59: FBO PF_B8G8R8 depth/stencil support: D0S0 D0S1 D0S4 D0S8 D0S16 D16S0 D16S1 D16S4 D16S8 D16S16 D24S0 D24S1 D24S4 D24S8 D24S16 D32S0 D32S1 D32S4 D32S8 D32S16 Packed-D24S8
14:47:59: FBO PF_A8R8G8B8 depth/stencil support: D0S0 D0S1 D0S4 D0S8 D0S16 D16S0 D16S1 D16S4 D16S8 D16S16 D24S0 D24S1 D24S4 D24S8 D24S16 D32S0 D32S1 D32S4 D32S8 D32S16 Packed-D24S8
14:47:59: FBO PF_A8B8G8R8 depth/stencil support: D0S0 D0S1 D0S4 D0S8 D0S16 D16S0 D16S1 D16S4 D16S8 D16S16 D24S0 D24S1 D24S4 D24S8 D24S16 D32S0 D32S1 D32S4 D32S8 D32S16 Packed-D24S8
14:47:59: FBO PF_B8G8R8A8 depth/stencil support: D0S0 D0S1 D0S4 D0S8 D0S16 D16S0 D16S1 D16S4 D16S8 D16S16 D24S0 D24S1 D24S4 D24S8 D24S16 D32S0 D32S1 D32S4 D32S8 D32S16 Packed-D24S8
14:47:59: FBO PF_FLOAT16_RGB depth/stencil support: D0S0 D0S1 D0S4 D0S8 D0S16 D16S0 D16S1 D16S4 D16S8 D16S16 D24S0 D24S1 D24S4 D24S8 D24S16 D32S0 D32S1 D32S4 D32S8 D32S16 Packed-D24S8
14:47:59: FBO PF_FLOAT16_RGBA depth/stencil support: D0S0 D0S1 D0S4 D0S8 D0S16 D16S0 D16S1 D16S4 D16S8 D16S16 D24S0 D24S1 D24S4 D24S8 D24S16 D32S0 D32S1 D32S4 D32S8 D32S16 Packed-D24S8
14:47:59: FBO PF_FLOAT32_RGB depth/stencil support: D0S0 D0S1 D0S4 D0S8 D0S16 D16S0 D16S1 D16S4 D16S8 D16S16 D24S0 D24S1 D24S4 D24S8 D24S16 D32S0 D32S1 D32S4 D32S8 D32S16 Packed-D24S8
14:47:59: FBO PF_FLOAT32_RGBA depth/stencil support: D0S0 D0S1 D0S4 D0S8 D0S16 D16S0 D16S1 D16S4 D16S8 D16S16 D24S0 D24S1 D24S4 D24S8 D24S16 D32S0 D32S1 D32S4 D32S8 D32S16 Packed-D24S8
14:48:00: FBO PF_X8R8G8B8 depth/stencil support: D0S0 D0S1 D0S4 D0S8 D0S16 D16S0 D16S1 D16S4 D16S8 D16S16 D24S0 D24S1 D24S4 D24S8 D24S16 D32S0 D32S1 D32S4 D32S8 D32S16 Packed-D24S8
14:48:00: FBO PF_X8B8G8R8 depth/stencil support: D0S0 D0S1 D0S4 D0S8 D0S16 D16S0 D16S1 D16S4 D16S8 D16S16 D24S0 D24S1 D24S4 D24S8 D24S16 D32S0 D32S1 D32S4 D32S8 D32S16 Packed-D24S8
14:48:00: FBO PF_R8G8B8A8 depth/stencil support: D0S0 D0S1 D0S4 D0S8 D0S16 D16S0 D16S1 D16S4 D16S8 D16S16 D24S0 D24S1 D24S4 D24S8 D24S16 D32S0 D32S1 D32S4 D32S8 D32S16 Packed-D24S8
14:48:00: FBO PF_DEPTH16 depth/stencil support: D0S0 D0S1 D0S4 D0S8 D0S16 D16S0 D16S1 D16S4 D16S8 D16S16 D24S0 D24S1 D24S4 D24S8 D24S16 D32S0 D32S1 D32S4 D32S8 D32S16 Packed-D24S8
14:48:00: FBO PF_SHORT_RGBA depth/stencil support: D0S0 D0S1 D0S4 D0S8 D0S16 D16S0 D16S1 D16S4 D16S8 D16S16 D24S0 D24S1 D24S4 D24S8 D24S16 D32S0 D32S1 D32S4 D32S8 D32S16 Packed-D24S8
14:48:00: FBO PF_R3G3B2 depth/stencil support: D0S0 D0S1 D0S4 D0S8 D0S16 D16S0 D16S1 D16S4 D16S8 D16S16 D24S0 D24S1 D24S4 D24S8 D24S16 D32S0 D32S1 D32S4 D32S8 D32S16 Packed-D24S8
14:48:00: FBO PF_SHORT_RGB depth/stencil support: D0S0 D0S1 D0S4 D0S8 D0S16 D16S0 D16S1 D16S4 D16S8 D16S16 D24S0 D24S1 D24S4 D24S8 D24S16 D32S0 D32S1 D32S4 D32S8 D32S16 Packed-D24S8
14:48:00: [GL] : Valid FBO targets PF_UNKNOWN PF_A8 PF_R5G6B5 PF_A4R4G4B4 PF_A1R5G5B5 PF_R8G8B8 PF_B8G8R8 PF_A8R8G8B8 PF_A8B8G8R8 PF_B8G8R8A8 PF_FLOAT16_RGB PF_FLOAT16_RGBA PF_FLOAT32_RGB PF_FLOAT32_RGBA PF_X8R8G8B8 PF_X8B8G8R8 PF_R8G8B8A8 PF_DEPTH16 PF_SHORT_RGBA PF_R3G3B2 PF_SHORT_RGB 
14:48:00: RenderSystem capabilities
14:48:00: -------------------------
14:48:00: RenderSystem Name: OpenGL Rendering Subsystem
14:48:00: GPU Vendor: intel
14:48:00: Device Name: Intel(R) HD Graphics 4600
14:48:00: Driver Version: 4.3.0.0
14:48:00:  * Fixed function pipeline: yes
14:48:00:  * 32-bit index buffers: yes
14:48:00:  * Hardware stencil buffer: yes
14:48:00:    - Two sided stencil support: yes
14:48:00:    - Wrap stencil values: yes
14:48:00:  * Gpu programs: yes
14:48:00:    - Vertex constant 4-vectors: 256
14:48:00:    - Fragment constant 4-vectors: 256
14:48:00:  * Geometry programs: yes
14:48:00:    - Number of constant 4-vectors: 1024
14:48:00:  * Tessellation programs: no
14:48:00:  * Mesh programs: no
14:48:00:  * Compute programs: no
14:48:00:  * VP/RT index from any shader: no
14:48:00:  * Supported Shader Profiles: arbfp1 arbvp1 glsl glsl100 glsl110 glsl120
14:48:00:  * Read-back compiled shader: yes
14:48:00:  * Number of vertex attributes: 16
14:48:00:  * Textures
14:48:00:    - Number of texture units: 16
14:48:00:    - Number of vertex textures: 32
14:48:00:    - Floating point: yes
14:48:00:    - Non-power-of-two: yes
14:48:00:    - 1D textures: yes
14:48:00:    - 2D array textures: yes
14:48:00:    - 3D textures: yes
14:48:00:    - Anisotropic filtering: yes
14:48:00:  * Texture Compression: yes
14:48:00:    - DXT: yes
14:48:00:    - VTC: no
14:48:00:    - PVRTC: no
14:48:00:    - ATC: no
14:48:00:    - ETC1: no
14:48:00:    - ETC2: no
14:48:00:    - BC4/BC5: no
14:48:00:    - BC6H/BC7: no
14:48:00:    - ASTC: no
14:48:00:    - Automatic mipmap generation: yes
14:48:00:  * Vertex Buffers
14:48:00:    - Render to Vertex Buffer: no
14:48:00:    - Instance Data: yes
14:48:00:    - Primitive Restart: no
14:48:00:    - INT_10_10_10_2_NORM element type: no
14:48:00:    - 16x3 element types: no
14:48:00:  * Read/Write Buffers: no
14:48:00:  * Hardware Occlusion Query: yes
14:48:00:  * User clip planes: yes
14:48:00:  * Depth clamping: no
14:48:00:  * Hardware render-to-texture: yes
14:48:00:    - Multiple Render Targets: 8
14:48:00:  * Point Sprites: yes
14:48:00:    - Max Size: 255
14:48:00:  * Wide Lines: yes
14:48:00:  * Hardware Gamma: yes
14:48:00:  * PBuffer support: yes
14:48:00:  * Vertex Array Objects: no
14:48:00:  * Separate shader objects: no
14:48:00:    - redeclare GLSL interface block: no
14:48:00:  * Debugging/ profiling events: no
14:48:00:  * Map buffer storage: yes
14:48:00: DefaultWorkQueue('Root') initialising on thread 1.
14:48:00: DefaultWorkQueue('Root')::WorkerFunc - thread 2 starting.
14:48:00: DefaultWorkQueue('Root')::WorkerFunc - thread 3 starting.
14:48:00: Particle Renderer Type 'billboard' registered
14:48:00: SceneManagerFactory for type 'OctreeSceneManager' registered.
14:48:00: SceneManagerFactory for type 'BspSceneManager' registered.
14:48:00: Parsing scripts for resource group General
14:48:00: Finished parsing scripts for resource group General
14:48:00: Creating resources for group General
14:48:00: All done
14:48:00: Parsing scripts for resource group OgreAutodetect
14:48:00: Finished parsing scripts for resource group OgreAutodetect
14:48:00: Creating resources for group OgreAutodetect
14:48:00: All done
14:48:00: Parsing scripts for resource group OgreInternal
14:48:00: Finished parsing scripts for resource group OgreInternal
14:48:00: Creating resources for group OgreInternal
14:48:00: All done
